2025-02-14 18:52:48,713 - pyswarms.discrete.binary - INFO - Optimize for 100 iters with {'c1': 0.5, 'c2': 0.5, 'w': 0.9, 'k': 5, 'p': 1}
2025-02-14 19:02:05,684 - pyswarms.discrete.binary - INFO - Optimization finished | best cost: 0.14443648275156107, best pos: [1 0 0 1 0 1 1 1 1 0 0 0 1 1 0 1 1 0 1 0 1 0 0 0 0 0 1 1 1 1 0 1 1 0 1 1 1
 1 0 0 0 0 1 0 0 0 1 1 1 0 1 1 0 1 0 1 1 1 0 1 1 1 0 1 1 0 1 0 1 0 1 0 0 1
 0 0 1 0 1 1 0 0 0 0 1 0 1 0 0 1 0 0 1 1 1 0 1 1 0 1 1 1 1 0 1 0 1 0 1 1 1
 1 0 1 0 0 0 1 1 1 1 1 0 0 0 0 0 1 1 0 1 0 1 1 0 1 0 0 1 1 0 1 1 1 1 1 1 0
 0 1 1 1 1 1 0 1 0 1 1 1 0 0 1 0 1 0 1 0 1 0 1 0 1 0 1 1 1 0 0 1 0 0 0 0 0
 1 0 0 1 1 1 0 0 1 1 1 0 0 0 0 1 0 0 1 0 0 0 1 0 1 0 0 0 1 0 1 0 0 1 1 0 0
 0 1 0 0 1 1 1 1 0 1 0 0 1 0 0 0 0 1 0 0 1 1 1 1 0 1 0 1 1 0 0 1 0 1 1 1 0
 1 1 0 0 1 0 0 1 1 0 0 0 1 0 1 0 1 0 1 0 0 1 0 0 0 0 1 0 1 1 1 1 1 0 0 0 1
 1 0 0 0 1 1 1 1 0 0 1 1 0 1 0 1 0 1 1 1 1 1 1 0 1 0 0 1 1 1 0 1 1 1 1 1 0
 1 0 1 1 0 1 1 1 0 0 0 1 0 0 1 0 1 1 1 1 0 0 0 1 1 1 1 0 0 1 1 1 0 1 1 0 1
 1 0 0 0 0 0 0 0 1 1 0 0 0 1 0 0 0 1 1 0 1 0 1 1 1 1 0 1 1 1 1 0 0 0 0 0 0
 0 1 0 0 1 0 1 0 1 1 0 1 0 1 0 1 0 1 0 0 0 1 0 1 1 1 0 0 1 1 1 1 1 0 0 0 1
 1 1 0 0 1]
2025-02-14 19:02:51,286 - pyswarms.discrete.binary - INFO - Optimize for 100 iters with {'c1': 0.5, 'c2': 0.5, 'w': 0.9, 'k': 5, 'p': 1}
2025-02-14 19:30:38,392 - pyswarms.discrete.binary - INFO - Optimization finished | best cost: 0.24690347016071246, best pos: [1 1 1 ... 1 1 1]
2025-02-14 20:00:17,705 - pyswarms.discrete.binary - INFO - Optimize for 100 iters with {'c1': 0.5, 'c2': 0.5, 'w': 0.9, 'k': 5, 'p': 1}
2025-02-14 20:04:26,556 - pyswarms.discrete.binary - INFO - Optimization finished | best cost: 0.17666666666666664, best pos: [0 0 1 1 0 0 1 0 0 1 1 1 1 0 0 1 0 1 0 0 0 1 1 1 1 1 1 0 0 1 1 0 1 1 0 1 0
 1 0 1 1 0 1 0 1 1 0 1 1 0 0 0 1 0 1 0 1 0 1 1 1 0 0 1 1 0 1 1 0 1 0 0 0 0
 0 0 1 1 0 0 1 1 0 1 0 0 0 0 1 0 0 1 0 1 1 0 1 0 0 0 0 0 1 0 1 0 1 1 0 0 0
 0 1 1 0 1 0 0 0 1 1 0 1 1 1 1 1 1 1 1 1 1 1 0 1 0 1 0 1 1 1 1 1 0 1 0 1 0
 1 1 1 0 0 1 0 0 1 1 1 0 0 1 1 1 0 1 0 1 0 1 0 1 1 0 1 0 1 1 1 0 0 1 1 0 1
 1 1 0 1 1 1 0 1 0 1 0 0 1 1 1 1 0 1 1 0 0 0 0 0 1 1 0 1 1 0 0 0 0 0 0 0 1
 1 0 1 0 0 1 0 0 0 0 0 0 1 1 0 1 1 1 0 1 1 0 1 1 1 0 1 1 1 1 1 0 1 1 1 0 1
 0 0 1 0 0 0 1 0 1 0 0 1 1 0 1 1 0 1 0 0 0 1 1 0 0 1 1 1 0 1 0 1 0 1 0 0 0
 1 1 0 0 0 1 0 0 1 1 0 0 0 1 1 1 1 1 0 1 1 1 1 1 1 0 0 1 0 1 0 1 0 1]
2025-02-14 20:04:54,613 - pyswarms.discrete.binary - INFO - Optimize for 100 iters with {'c1': 0.5, 'c2': 0.5, 'w': 0.9, 'k': 5, 'p': 1}
2025-02-14 20:19:18,048 - pyswarms.discrete.binary - INFO - Optimization finished | best cost: 0.21933333333333338, best pos: [1 1 1 1 1 1 1 1 1 1 1 1 1 1 1 1 1 1 1 1 1 1 1 1 1 1 1 1 1 1 1 1 1 1 1 1 1
 1 1 1 1 1 1 1 1 1 1 1 1 1 1 1 1 1 1 1 1 1 1 1 1 1 1 1 1 1 1 1 1 1 1 1 1 1
 1 1 1 1 1 1 1 1 1 1 1 1 1 1 1 1 1 1 1 1 1 1 1 1 1 1 1 1 1 1 1 1 1 1 1 1 1
 1 1 1 1 1 1 1 1 1 1 1 1 1 1 1 1 1 1 1 1 1 1 1 1 1 1 1 1 1 1 1 1 1 1 1 1 1
 1 1 1 1 1 1 1 1 1 1 1 1 1 1 1 1 1 1 1 1 1 1 1 1 1 1 1 1 1 1 1 1 1 1 1 1 1
 1 1 1 1 1 1 1 1 1 1 1 1 1 1 1 1 1 1 1 1 1 1 1 1 1 1 1 1 1 1 1 1 1 1 1 1 1
 1 1 1 1 1 1 1 1 1 1 1 1 1 1 1 1 1 1 1 1 1 1 1 1 1 1 1 1 1 1 1 1 1 1 1 1 1
 1 1 1 1 1 1 1 1 1 1 1 1 1 1 1 1 1 1 1 1 1 1 1 1 1 1 1 1 1 1 1 1 1 1 1 1 1
 1 1 1 1 1 1 1 1 1 1 1 1 1 1 1 1 1 1 1 1 1 1 1 1 1 1 1 1 1 1 1 1 1 1 1 1 1
 1 1 1 1 1 1 1 1 1 1 1 1 1 1 1 1 1 1 1 1 1 1 1 1 1 1 1 1 1 1 1 1 1 1 1 1 1
 1 1 1 1 1 1 1 1 1 1 1 1 1 1 1 1 1 1 1 1 1 1 1 1 1 1 1 1 1 1 1 1 1 1 1 1 1
 1 1 1 1 1 1 1 1 1 1 1 1 1 1 1 1 1 1 1 1 1 1 1 1 1 1 1 1 1 1 1 1 1 1 1 1 1
 1 1 1 1 1 1 1 1 1 1 1 1 1 1 1 1 1 1 1 1 1 1 1 1 1 1 1 1 1 1 1 1 1 1 1 1 1
 1 1 1 1 1 1 1 1 1 1 1 1 1 1 1 1 1 1 1 1 1 1 1 1 1 1 1 1 1 1 1 1 1 1 1 1 1
 1 1 1 1 1 1 1 1 1 1 1 1 1 1 1 1 1 1 1 1 1 1 1 1 1 1 1 1 1 1 1 1 1 1 1 1 1
 1 1 1 1 1 1 1 1 1 1 1 1 1 1 1 1 1 1 1 1 1 1 1 1 1 1 1 1 1 1 1 1 1 1 1 1 1
 1 1 1 1 1 1 1 1 1 1 1 1 1 1 1 1 1 1 1 1 1 1 1 1 1 1 1 1 1 1 1 1 1 1 1 1 1
 1 1 1 1 1 1 1 1 1 1 1 1 1 1 1 1 1 1 1 1 1 1 1 1 1 1 1 1 1 1 1 1 1 1 1 1 1
 1 1 1 1 1 1 1 1 1 1 1 1 1 1 1 1 1 1 1 1 1 1 1 1 1 1 1 1 1 1 1 1 1 1 1 1 1
 1 1 1 1 1 1 1 1 1 1 1 1 1 1 1 1 1 1 1 1 1 1 1 1 1 1 1 1 1 1 1 1 1 1 1 1 1
 1 1 1 1 1 1 1 1 1 1 1 1 1 1 1 1 1 1 1 1 1 1 1 1 1 1 1 1 1 1 1 1 1 1 1 1 1
 1 1 1 1 1 1 1 1 1 1 1 1 1 1 1 1 1 1 1 1 1 1 1 1 1 1 1 1 1 1 1 1 1 1 1 1 1
 1 1 1 1 1 1 1 1 1 1 1 1 1 1 1 1 1 1 1 1 1 1 1 1 1 1 1 1 1 1 1 1 1 1 1 1 1
 1 1 1 1 1 1 1 1 1 1 1 1 1 1 1 1 1 1 1 1 1 1 1 1 1 1 1 1 1]
2025-02-14 20:21:26,677 - pyswarms.discrete.binary - INFO - Optimize for 100 iters with {'c1': 0.5, 'c2': 0.5, 'w': 0.9, 'k': 5, 'p': 1}
2025-02-14 20:30:11,225 - pyswarms.discrete.binary - INFO - Optimization finished | best cost: 0.09997788099977878, best pos: [1 0 0 1 0 1 0 0 0 1 1 1 0 1 1 0 1 0 1 1 1 1 0 0 0 1 0 1 0 1 1 1 0 1 0 0 0
 1 0 1 1 1 1 0 0 0 0 1 0 1 0 0 0 1 0 0 0 1 0 0 1 1 0 0 1 1 1 1 1 1 1 1 1 0
 0 1 1 1 0 1 1 0 0 1 0 0 0 0 1 1 0 0 0 1 0 1 1 1 0 1 1 0 0 0 1 1 1 0 0 0 1
 0 1 0 0 1 0 1 0 1 1 0 1 1 1 0 0 0 0 1 1 0 0 0 0 0 1 0 0 0 0 1 0 0 1 1 1 0
 0 0 1 0 1 0 1 0 1 0 1 0 0 1 0 1 0 0 0 0 0 0 1 1 1 1 1 0 0 0 0 0 1 0 1 0 1
 1 0 1 1 1 0 0 0 1 1 1 0 1 0 0 1 0 0 1 0 0 1 1 1 1 1 1 0 1 1 1 0 1 0 0 1 0
 1 0 1 0 0 0 1 0 0 0 1 0 1 1 1 0 1 1 0 0 0 1 0 0 1 0 0 1 0 1 0 1 1 0 1 0 1
 0 0 0 0 1 1 1 1 1 1 1 1 1 1 0 0 0 0 1 0 1 0 0 1 1 1 1 0 1 0 0 0 0 1 0 1 1
 1 0 0 1 0 0 0 1 0 1 1 1 1 0 1 0 1 1 1 0 1 1 1 1 0 0 1 0 0 1 1 1 0 1 1 1 1
 1 1 0 0 0 0 1 1 0 1 0 1 1 0 0 1 1 1 0 1 0 0 1 1 0 1 0 1 0 0 1 1 0 1 1 1 0
 0 1 1 1 0 0 0 0 1 1 0 1 1 1 1 1 0 0 0 1 0 1 1 0 1 1 1 1 1 1 1 1 0 0 1 1 1
 1 0 1 0 1 0 1 0 0 1 0 0 0 0 0 1 0 1 0 1 1 0 0 1 0 1 1 0 1 1 1 1 0]
2025-02-14 20:31:21,715 - pyswarms.discrete.binary - INFO - Optimize for 100 iters with {'c1': 0.5, 'c2': 0.5, 'w': 0.9, 'k': 5, 'p': 1}
2025-02-14 20:51:38,330 - pyswarms.discrete.binary - INFO - Optimization finished | best cost: 0.11833665118336656, best pos: [1 1 1 ... 1 1 1]
2025-02-14 21:09:39,472 - pyswarms.discrete.binary - INFO - Optimize for 100 iters with {'c1': 0.5, 'c2': 0.5, 'w': 0.9, 'k': 5, 'p': 1}
2025-02-14 21:15:04,336 - pyswarms.discrete.binary - INFO - Optimization finished | best cost: 0.14402702426041558, best pos: [1 1 0 1 1 0 0 1 1 1 0 1 0 0 1 1 1 0 1 0 0 1 0 0 1 0 0 1 1 1 1 1 0 0 0 1 1
 0 1 1 0 0 0 0 0 0 0 0 0 1 1 1 0 1 1 1 0 1 1 0 1 1 1 1 0 0 0 0 1 1 0 1 1 0
 1 0 0 1 1 0 0 0 0 0 1 0 1 1 0 1 1 0 1 1 1 0 0 0 1 1 1 1 0 0 1 0 1 1 0 0 1
 0 1 0 1 0 0 1 1 0 1 1 1 0 0 1 0 1 0 0 1 1 1 1 0 0 0 0 0 1 0 1 0 0 1 0 0 1
 0 0 0 1 0 1 0 0 0 1 1 0 1 1 0 1 1 0 1 1 1 1 1 0 0 1 0 0 1 1 0 1 1 1 0 0 1
 0 1 0 0 0 0 0 0 0 1 1 0 0 1 1 0 1 0 0 0 1 0 0 0 1 1 1 0 0 0 0 0 0 1 1 1 1
 0 1 0 1 1 1 1 0 0 0 1 1 1 1 0 1 1 1 1 0 0 0 1 0 0 1 1 0 0 0 1 0 0 0 1 0 1
 1 1 1 1 0 1 0 1 0 1 1 1 0 0 1 0 0 1 0 0 1 1 0 1 1 0 0 1 1 0 1 0 0 0 0 1 0
 1 1 0 0 1 0 0 1]
2025-02-14 21:15:26,693 - pyswarms.discrete.binary - INFO - Optimize for 100 iters with {'c1': 0.5, 'c2': 0.5, 'w': 0.9, 'k': 5, 'p': 1}
2025-02-14 21:28:39,188 - pyswarms.discrete.binary - INFO - Optimization finished | best cost: 0.24690347016071246, best pos: [1 1 1 1 1 1 1 1 1 1 1 1 1 1 1 1 1 1 1 1 1 1 1 1 1 1 1 1 1 1 1 1 1 1 1 1 1
 1 1 1 1 1 1 1 1 1 1 1 1 1 1 1 1 1 1 1 1 1 1 1 1 1 1 1 1 1 1 1 1 1 1 1 1 1
 1 1 1 1 1 1 1 1 1 1 1 1 1 1 1 1 1 1 1 1 1 1 1 1 1 1 1 1 1 1 1 1 1 1 1 1 1
 1 1 1 1 1 1 1 1 1 1 1 1 1 1 1 1 1 1 1 1 1 1 1 1 1 1 1 1 1 1 1 1 1 1 1 1 1
 1 1 1 1 1 1 1 1 1 1 1 1 1 1 1 1 1 1 1 1 1 1 1 1 1 1 1 1 1 1 1 1 1 1 1 1 1
 1 1 1 1 1 1 1 1 1 1 1 1 1 1 1 1 1 1 1 1 1 1 1 1 1 1 1 1 1 1 1 1 1 1 1 1 1
 1 1 1 1 1 1 1 1 1 1 1 1 1 1 1 1 1 1 1 1 1 1 1 1 1 1 1 1 1 1 1 1 1 1 1 1 1
 1 1 1 1 1 1 1 1 1 1 1 1 1 1 1 1 1 1 1 1 1 1 1 1 1 1 1 1 1 1 1 1 1 1 1 1 1
 1 1 1 1 1 1 1 1 1 1 1 1 1 1 1 1 1 1 1 1 1 1 1 1 1 1 1 1 1 1 1 1 1 1 1 1 1
 1 1 1 1 1 1 1 1 1 1 1 1 1 1 1 1 1 1 1 1 1 1 1 1 1 1 1 1 1 1 1 1 1 1 1 1 1
 1 1 1 1 1 1 1 1 1 1 1 1 1 1 1 1 1 1 1 1 1 1 1 1 1 1 1 1 1 1 1 1 1 1 1 1 1
 1 1 1 1 1 1 1 1 1 1 1 1 1 1 1 1 1 1 1 1 1 1 1 1 1 1 1 1 1 1 1 1 1 1 1 1 1
 1 1 1 1 1 1 1 1 1 1 1 1 1 1 1 1 1 1 1 1 1 1 1 1 1 1 1 1 1 1 1 1 1 1 1 1 1
 1 1 1 1 1 1 1 1 1 1 1 1 1 1 1 1 1 1 1 1 1 1 1 1 1 1 1 1 1 1 1 1 1 1 1 1 1
 1 1 1 1 1 1 1 1 1 1 1 1 1 1 1 1 1 1 1 1 1 1 1 1 1 1 1 1 1 1 1 1 1 1 1 1 1
 1 1 1 1 1 1 1 1 1 1 1 1 1 1 1 1 1 1 1 1 1 1 1 1 1 1 1 1 1 1 1 1 1 1 1 1 1
 1 1 1 1 1 1 1 1 1 1 1 1 1 1 1 1 1 1 1 1 1 1 1 1 1 1 1 1 1 1 1 1 1 1 1 1 1
 1 1 1 1 1 1 1 1 1 1 1 1 1 1 1 1 1 1 1 1 1 1 1 1 1 1 1 1 1 1 1 1 1 1 1 1 1
 1 1 1 1 1 1 1 1 1 1 1 1 1 1 1 1 1 1 1 1 1 1 1 1 1 1 1 1 1 1 1 1 1 1 1 1 1
 1 1 1 1 1 1 1 1 1 1 1 1 1 1 1 1 1 1 1 1 1 1 1 1 1 1 1 1 1 1 1 1 1 1 1 1 1
 1 1 1 1 1 1 1 1 1 1 1 1 1 1 1]
2025-02-14 21:32:37,942 - pyswarms.discrete.binary - INFO - Optimize for 100 iters with {'c1': 0.5, 'c2': 0.5, 'w': 0.9, 'k': 5, 'p': 1}
2025-02-14 21:35:01,502 - pyswarms.discrete.binary - INFO - Optimization finished | best cost: 0.1765, best pos: [0 0 1 0 1 1 1 1 0 1 1 0 1 1 1 1 1 0 0 0 1 1 0 1 0 1 1 1 0 0 1 0 1 1 1 0 0
 0 1 0 1 0 0 0 0 1 0 1 0 0 0 0 0 0 1 1 0 0 1 0 0 0 1 1 1 1 0 0 0 0 1 0 1 0
 0 0 1 0 1 0 1 0 1 0 1 0 0 1 0 1 1 1 1 1 1 0 1 0 1 1 0 1 0 0 0 0 0 0 0 1 1
 0 0 1 0 0 0 0 0 1 0 1 0 1 1 0 0 1 0 0 0 0 0 1 1 0 1 0 1 0 1 1 0 1 1 0 0 0
 0 0 1 1 1 0 1 1 0 0 0 0 1 1 0 0 1 1 1 1 1 1 1 1 1 0 0 0 1 1 1 0 0 1 1 0 0
 0 1 0 0 1 0 0 0 0 0 0 0 1 0 0 0 1 0 0 0 0 1 0 0 0 1 0 1 0 0 0 0 0 0 0 1 0
 1 0 0 1 1 0 0]
2025-02-14 21:35:22,240 - pyswarms.discrete.binary - INFO - Optimize for 100 iters with {'c1': 0.5, 'c2': 0.5, 'w': 0.9, 'k': 5, 'p': 1}
2025-02-14 21:40:38,560 - pyswarms.discrete.binary - INFO - Optimization finished | best cost: 0.21933333333333338, best pos: [1 1 1 1 1 1 1 1 1 1 1 1 1 1 1 1 1 1 1 1 1 1 1 1 1 1 1 1 1 1 1 1 1 1 1 1 1
 1 1 1 1 1 1 1 1 1 1 1 1 1 1 1 1 1 1 1 1 1 1 1 1 1 1 1 1 1 1 1 1 1 1 1 1 1
 1 1 1 1 1 1 1 1 1 1 1 1 1 1 1 1 1 1 1 1 1 1 1 1 1 1 1 1 1 1 1 1 1 1 1 1 1
 1 1 1 1 1 1 1 1 1 1 1 1 1 1 1 1 1 1 1 1 1 1 1 1 1 1 1 1 1 1 1 1 1 1 1 1 1
 1 1 1 1 1 1 1 1 1 1 1 1 1 1 1 1 1 1 1 1 1 1 1 1 1 1 1 1 1 1 1 1 1 1 1 1 1
 1 1 1 1 1 1 1 1 1 1 1 1 1 1 1 1 1 1 1 1 1 1 1 1 1 1 1 1 1 1 1 1 1 1 1 1 1
 1 1 1 1 1 1 1 1 1 1 1 1 1 1 1 1 1 1 1 1 1 1 1 1 1 1 1 1 1 1 1 1 1 1 1 1 1
 1 1 1 1 1 1 1 1 1 1 1 1 1 1 1 1 1 1 1 1 1 1 1 1 1 1 1 1 1 1 1 1 1 1 1 1 1
 1 1 1 1 1 1 1 1 1 1 1 1 1 1 1 1 1 1 1 1 1 1 1 1 1 1 1 1 1 1 1 1 1 1 1 1 1
 1 1 1 1 1 1 1 1 1 1 1 1 1 1 1 1 1 1 1 1 1 1 1 1 1 1 1 1 1 1 1 1 1 1 1 1 1
 1 1 1 1 1 1 1 1 1 1 1 1 1 1 1 1 1 1 1 1 1 1 1 1 1 1 1 1 1 1 1 1 1 1 1 1 1
 1 1 1 1 1 1 1 1 1 1 1 1 1 1 1 1 1 1 1 1 1 1 1 1 1 1 1 1 1 1 1 1 1 1 1 1 1
 1 1 1 1 1 1 1 1 1 1 1 1 1 1 1 1 1 1 1 1 1 1 1 1 1 1 1 1 1 1 1 1 1 1 1 1 1
 1 1 1 1 1 1 1 1 1 1 1 1 1 1]
2025-02-14 21:41:55,982 - pyswarms.discrete.binary - INFO - Optimize for 100 iters with {'c1': 0.5, 'c2': 0.5, 'w': 0.9, 'k': 5, 'p': 1}
2025-02-14 21:46:34,987 - pyswarms.discrete.binary - INFO - Optimization finished | best cost: 0.09865074098650739, best pos: [1 0 0 0 1 1 0 0 0 1 0 0 1 0 0 0 1 0 0 1 1 0 0 1 1 1 0 0 0 1 1 0 1 1 1 1 1
 0 1 0 1 0 0 0 0 0 0 1 0 0 0 1 1 1 0 0 1 0 1 0 0 1 0 1 0 1 0 0 1 1 0 0 0 0
 1 0 1 1 0 0 1 1 0 1 0 1 0 1 1 0 0 1 1 0 1 1 1 1 0 1 0 1 0 0 0 0 0 1 0 0 0
 0 1 1 0 0 1 1 0 0 0 0 0 0 0 0 0 0 1 1 1 1 0 1 1 1 0 0 0 0 1 0 0 1 1 1 1 0
 0 1 0 1 0 0 0 1 1 1 0 1 1 0 0 0 0 0 1 1 1 1 1 1 1 0 1 0 0 1 0 0 1 1 1 1 0
 0 0 0 1 0 0 0 1 0 0 0 0 0 1 0 0 1 0 0 1 1 0 1 0 0 0 0 0 0 1 0 0 1 1 0 1 0
 0 0 0 0 0 0 1 1 0 1 0 0 0 0 0 1 0 0 1 0 0 1 1 1 1 0 0 0 1 1 1 0 0 0 0 1 1
 0 1 1 1 1 0 1 1 1 0 1 0 0 1 0 0 1 0 0 0 1 1 0 1 1]
2025-02-14 21:47:09,193 - pyswarms.discrete.binary - INFO - Optimize for 100 iters with {'c1': 0.5, 'c2': 0.5, 'w': 0.9, 'k': 5, 'p': 1}
2025-02-14 21:56:43,886 - pyswarms.discrete.binary - INFO - Optimization finished | best cost: 0.11833665118336656, best pos: [1 1 1 1 1 1 1 1 1 1 1 1 1 1 1 1 1 1 1 1 1 1 1 1 1 1 1 1 1 1 1 1 1 1 1 1 1
 1 1 1 1 1 1 1 1 1 1 1 1 1 1 1 1 1 1 1 1 1 1 1 1 1 1 1 1 1 1 1 1 1 1 1 1 1
 1 1 1 1 1 1 1 1 1 1 1 1 1 1 1 1 1 1 1 1 1 1 1 1 1 1 1 1 1 1 1 1 1 1 1 1 1
 1 1 1 1 1 1 1 1 1 1 1 1 1 1 1 1 1 1 1 1 1 1 1 1 1 1 1 1 1 1 1 1 1 1 1 1 1
 1 1 1 1 1 1 1 1 1 1 1 1 1 1 1 1 1 1 1 1 1 1 1 1 1 1 1 1 1 1 1 1 1 1 1 1 1
 1 1 1 1 1 1 1 1 1 1 1 1 1 1 1 1 1 1 1 1 1 1 1 1 1 1 1 1 1 1 1 1 1 1 1 1 1
 1 1 1 1 1 1 1 1 1 1 1 1 1 1 1 1 1 1 1 1 1 1 1 1 1 1 1 1 1 1 1 1 1 1 1 1 1
 1 1 1 1 1 1 1 1 1 1 1 1 1 1 1 1 1 1 1 1 1 1 1 1 1 1 1 1 1 1 1 1 1 1 1 1 1
 1 1 1 1 1 1 1 1 1 1 1 1 1 1 1 1 1 1 1 1 1 1 1 1 1 1 1 1 1 1 1 1 1 1 1 1 1
 1 1 1 1 1 1 1 1 1 1 1 1 1 1 1 1 1 1 1 1 1 1 1 1 1 1 1 1 1 1 1 1 1 1 1 1 1
 1 1 1 1 1 1 1 1 1 1 1 1 1 1 1 1 1 1 1 1 1 1 1 1 1 1 1 1 1 1 1 1 1 1 1 1 1
 1 1 1 1 1 1 1 1 1 1 1 1 1 1 1 1 1 1 1 1 1 1 1 1 1 1 1 1 1 1 1 1 1 1 1 1 1
 1 1 1 1 1 1 1 1 1 1 1 1 1 1 1 1 1 1 1 1 1 1 1 1 1 1 1 1 1 1 1 1 1 1 1 1 1
 1 1 1 1 1 1 1 1 1 1 1 1 1 1 1 1 1 1 1 1 1 1 1 1 1 1 1 1 1 1 1 1 1 1 1 1 1
 1 1 1 1 1 1 1 1 1 1 1 1 1 1 1 1 1 1 1 1 1 1 1 1 1 1 1 1 1 1 1 1 1 1 1 1 1
 1 1 1 1 1 1 1 1 1 1 1 1 1 1 1 1 1 1 1 1 1 1 1 1 1 1 1 1 1 1 1 1 1 1 1 1 1
 1 1 1 1 1 1 1 1 1 1 1 1 1 1 1 1 1 1 1 1 1 1 1 1 1 1 1]
2025-07-28 16:42:12,009 - pyswarms.discrete.binary - INFO - Optimize for 100 iters with {'c1': 0.5, 'c2': 0.5, 'w': 0.9, 'k': 5, 'p': 1}
2025-07-28 16:55:17,272 - pyswarms.discrete.binary - INFO - Optimization finished | best cost: 0.2973365115556016, best pos: [1 0 0 1 0 0 0 0 1 0 0 1 0 1 1 1 1 0 0 1 1 0 1 0 1 0 0 0 0 1 1 0 0 0 1 0 0
 1 0 1 1 1 0 0 1 1 0 0 0 1 1 1 1 0 0 0 1 0 0 1 1 1 1 1 1 1 1 1 0 1 1 0 1 1
 0 0 1 0 1 0 1 0 0 1 0 0 1 1 0 0 0 1 1 1 0 1 0 0 1 1 0 1 1 0 1 1 0 0 0 1 1
 0 1 0 0 1 1 0 0 1 0 0 0 0 0 0 0 0 1 0 1 0 0 0 1 1 1 0 0 0 1 1 1 1 0 1 1 0
 0 0 1 0 0 0 0 1 0 0 1 0 0 0 1 0 0 1 1 1 1 1 1 1 1 0 0 0 0 1 0 0 0 0 0 0 0
 1 0 1 0 1 0 0 0 0 1 1 1 0 0 1 0 1 0 1 1 0 0 1 1 1 1 1 1 0 0 1 1 0 1 0 0 0
 1 1 1 0 1 0 0 0 0 0 0 1 1 0 1 0 0 0 0 1 1 0 0 0 0 0 0 0 0 1 1 0 1 1 1 0 1
 0 1 1 0 1 1 1 1 0 1 1 1 0 0 1 0 0 1 1 1 1 0 0 0 0 0 0 0 1 1 1 1 1 1 0 1 0
 0 1 0 1 1 0 0 1 1 1 1 0 0 0 0 0 0 0 1 0 0 1 1 1 1 1 1 1 1 0 0 1 1 1 1 1 0
 1 1 1 1 1 0 0 0 0 1 0 1 1 0 1 0 0 0 1 1 0 0 1 1 0 1 0 0 1 1 0 0 0 1 0 0 1
 1 0 1 0 0 1 1 1 1 1 1 1 1 1 0 0 0 0 0 0 1 0 0 1 0 1 0 1 0 1 1 0 0 0 1 1 0
 0 0 1 0 1 0 1 1 1 0 0 1 1 0 1 1 0 0 0 1 1 0 1 0 1 0 1 1 0 1 1 0 0 1 0 1 0
 0 1 1 0 0 1 0 1 1 1 1 1 0 0 0 0 0 0 0 1 1 1 1 1 1 0 0 1 0 0 1 1 0 1 0 0 0
 1 1 1 1 1 0 1 1 0 1 0 1 0 1 0]
2025-07-28 17:21:47,417 - pyswarms.discrete.binary - INFO - Optimize for 100 iters with {'c1': 0.5, 'c2': 0.5, 'w': 0.9, 'k': 5, 'p': 1}
2025-07-28 17:34:27,089 - pyswarms.discrete.binary - INFO - Optimization finished | best cost: 0.2975437869209244, best pos: [1 0 0 0 0 0 0 1 1 1 0 1 1 0 0 0 0 1 0 0 0 1 0 1 0 0 0 0 0 0 0 0 0 1 0 1 0
 1 0 1 1 1 0 1 1 1 0 0 0 0 0 1 0 0 1 1 0 1 0 1 1 1 1 1 1 1 1 0 1 1 0 0 0 1
 1 1 1 1 1 1 1 1 1 1 1 1 0 0 0 0 0 1 0 1 0 1 1 1 0 1 0 1 0 0 0 0 1 0 1 1 0
 1 1 1 1 1 1 1 0 0 0 1 0 1 1 0 0 0 0 0 0 0 0 0 0 1 0 1 0 0 1 1 0 0 0 0 0 1
 0 0 1 0 1 0 0 0 0 0 0 1 1 1 0 1 1 0 1 0 0 0 0 0 1 1 1 1 1 1 1 1 1 1 1 0 0
 1 0 1 0 1 1 0 0 1 0 0 1 1 1 0 1 0 1 1 1 0 0 0 0 1 1 0 1 1 1 1 1 0 1 0 0 1
 0 1 0 0 1 1 0 1 0 1 0 0 0 1 0 1 1 1 1 1 0 1 1 0 1 0 1 0 1 1 0 1 1 0 1 1 1
 0 0 0 0 1 1 0 1 1 0 0 1 1 1 1 0 0 0 1 0 0 0 0 1 0 1 1 1 1 0 0 0 0 0 0 1 1
 0 1 1 0 0 1 0 1 1 1 1 1 0 1 1 0 1 0 0 0 0 0 0 0 0 1 1 0 1 0 0 0 1 1 1 0 0
 1 1 1 0 1 0 0 0 0 0 1 0 1 0 0 1 0 0 0 1 0 1 0 0 1 1 1 1 0 1 0 0 1 0 1 0 0
 1 0 0 0 1 1 0 0 0 1 1 1 1 0 1 0 0 0 0 0 1 0 0 0 1 0 1 0 1 0 1 0 0 0 1 1 1
 1 1 0 1 0 1 0 1 1 1 1 1 0 1 0 0 1 0 0 1 1 0 1 1 0 1 1 1 0 1 0 1 1 0 0 1 0
 0 1 1 0 1 1 1 1 1 0 1 1 0 1 0 1 0 0 1 0 0 1 0 0 1 0 1 1 0 0 0 1 0 0 0 1 0
 1 0 0 0 0 0 0 1 1 1 0 0 1 1 0]
2025-07-28 17:35:48,699 - pyswarms.discrete.binary - INFO - Optimize for 100 iters with {'c1': 0.5, 'c2': 0.5, 'w': 0.9, 'k': 5, 'p': 1}
2025-07-28 18:18:31,745 - pyswarms.discrete.binary - INFO - Optimization finished | best cost: 0.7020416623484299, best pos: [1 1 1 ... 1 1 1]
2025-07-28 18:30:00,603 - pyswarms.discrete.binary - INFO - Optimize for 100 iters with {'c1': 0.5, 'c2': 0.5, 'w': 0.9, 'k': 5, 'p': 1}
2025-07-28 18:43:24,265 - pyswarms.discrete.binary - INFO - Optimization finished | best cost: 0.2975437869209244, best pos: [0 1 0 0 1 1 0 0 0 0 0 0 1 1 0 0 1 0 1 1 0 1 0 0 1 1 0 1 1 0 1 1 0 1 1 1 0
 0 0 0 1 0 1 0 1 0 0 1 1 0 0 1 0 0 1 1 1 0 1 1 0 1 1 1 0 1 0 1 1 1 1 0 0 0
 1 1 1 0 0 0 0 1 0 0 0 1 0 1 0 0 1 1 0 0 0 1 0 1 0 0 1 1 0 0 0 0 0 1 1 1 1
 0 0 1 0 0 0 1 0 1 1 0 1 1 0 0 1 0 1 0 0 1 1 0 1 1 1 1 1 0 0 1 0 0 1 0 1 1
 1 0 1 1 0 1 0 0 0 0 0 1 1 1 1 0 0 1 0 0 1 1 0 1 0 1 1 1 0 0 0 0 1 0 0 1 0
 0 1 1 0 1 0 1 0 0 0 0 0 1 1 0 1 1 0 1 0 0 0 1 1 1 1 0 0 1 1 0 1 1 1 0 1 1
 0 1 0 0 0 0 1 0 0 1 0 1 0 1 1 0 1 1 1 1 0 1 0 1 0 0 0 0 1 0 1 1 0 0 1 0 0
 1 1 0 1 0 1 1 1 1 0 1 0 0 1 0 1 1 1 1 0 1 1 0 1 1 0 1 1 1 1 1 0 0 0 1 0 0
 0 0 1 0 0 0 1 1 1 0 0 0 1 0 1 0 1 1 1 1 0 1 0 0 0 0 0 1 1 0 0 0 1 1 1 0 1
 0 0 1 1 0 0 0 1 0 0 1 0 0 1 0 1 0 0 0 1 1 0 1 1 0 0 1 1 1 1 1 0 1 1 0 1 0
 1 0 1 0 1 0 1 1 0 0 1 1 0 0 0 1 0 1 0 0 1 0 1 1 1 1 0 0 0 0 0 1 1 0 0 0 1
 0 1 1 0 0 1 1 0 0 1 1 1 0 0 0 0 0 1 1 0 1 0 0 0 1 1 0 0 1 1 1 0 0 0 1 1 0
 1 1 1 1 1 0 0 1 0 1 1 0 0 1 1 0 1 1 0 1 1 0 1 1 0 1 1 0 1 1 0 1 0 0 0 0 1
 1 1 1 1 0 0 1 0 1 0 1 1 0 1 0]
2025-07-28 18:45:09,340 - pyswarms.discrete.binary - INFO - Optimize for 100 iters with {'c1': 0.5, 'c2': 0.5, 'w': 0.9, 'k': 5, 'p': 1}
2025-07-28 19:19:36,866 - pyswarms.discrete.binary - INFO - Optimization finished | best cost: 0.7020416623484299, best pos: [1 1 1 ... 1 1 1]
2025-07-28 19:26:19,943 - pyswarms.discrete.binary - INFO - Optimize for 100 iters with {'c1': 0.5, 'c2': 0.5, 'w': 0.9, 'k': 5, 'p': 1}
2025-07-28 23:07:12,981 - pyswarms.discrete.binary - INFO - Optimization finished | best cost: 0.09090192368338068, best pos: [1 0 1 ... 0 1 1]
2025-07-28 23:45:58,116 - pyswarms.discrete.binary - INFO - Optimize for 100 iters with {'c1': 0.5, 'c2': 0.5, 'w': 0.9, 'k': 5, 'p': 1}
2025-07-29 07:10:13,145 - pyswarms.discrete.binary - INFO - Optimization finished | best cost: 0.09328681803847372, best pos: [1 1 1 ... 1 1 1]
2025-07-29 10:25:43,181 - pyswarms.discrete.binary - INFO - Optimize for 100 iters with {'c1': 0.5, 'c2': 0.5, 'w': 0.9, 'k': 5, 'p': 1}
2025-07-29 10:32:53,271 - pyswarms.discrete.binary - INFO - Optimization finished | best cost: 0.2978546999689087, best pos: [0 1 0 0 1 0 0 1 0 1 0 1 0 1 1 0 0 0 1 0 0 0 1 1 0 0 1 0 0 1 0 0 0 0 1 1 1
 0 1 1 1 0 1 1 1 0 0 1 0 1 1 0 0 1 0 1 1 1 0 1 1 1 0 0 1 1 0 1 0 1 1 0 0 1
 0 1 1 0 0 0 0 1 0 1 0 0 0 1 0 0 0 0 1 0 0 1 0 0 1 0 0 0 1 0 0 0 0 1 1 1 1
 1 0 0 0 0 0 0 0 1 0 0 0 0 1 1 0 1 0 0 1 1 1 1 1 1 0 0 1 1 1 0 0 0 1 1 0 1
 0 1 1 1 0 1 1 0 0 1 0 0 0 0 0 1 1 1 1 1 0 1 1 0 0 1 1 0 0 1 1 0 0 0 1 0 0
 1 0 1 0 1 0 0 1 1 1 0 0 1 1 1 0 1 1 1 1 0 1 1 0 1 1 0 1 1 0 0 0 0 0 1 0 1
 0 1 1 0 1 1 0 0 1 1 0 1 1 1 1 0 0 1 1 0 1 0 0 0 1 1 0 0 0 1 1 1 0 1 0 1 0
 1 1 0 1 0 0 0 0 1 1 1 0 1 0 1 0 0 0 0 0 0 1 1 0 0 1 1 0 1 1 0 0 1 1 1 1 0
 0 1 1 0 1 1 0 1 0 1 1 0 1 0 1 1 0 0 0 1 1 0 0 1 0 0 1 1 0 0 1 0 0 0 0]
2025-07-29 10:33:44,059 - pyswarms.discrete.binary - INFO - Optimize for 100 iters with {'c1': 0.5, 'c2': 0.5, 'w': 0.9, 'k': 5, 'p': 1}
2025-07-29 10:54:44,858 - pyswarms.discrete.binary - INFO - Optimization finished | best cost: 0.7020416623484299, best pos: [1 1 1 1 1 1 1 1 1 1 1 1 1 1 1 1 1 1 1 1 1 1 1 1 1 1 1 1 1 1 1 1 1 1 1 1 1
 1 1 1 1 1 1 1 1 1 1 1 1 1 1 1 1 1 1 1 1 1 1 1 1 1 1 1 1 1 1 1 1 1 1 1 1 1
 1 1 1 1 1 1 1 1 1 1 1 1 1 1 1 1 1 1 1 1 1 1 1 1 1 1 1 1 1 1 1 1 1 1 1 1 1
 1 1 1 1 1 1 1 1 1 1 1 1 1 1 1 1 1 1 1 1 1 1 1 1 1 1 1 1 1 1 1 1 1 1 1 1 1
 1 1 1 1 1 1 1 1 1 1 1 1 1 1 1 1 1 1 1 1 1 1 1 1 1 1 1 1 1 1 1 1 1 1 1 1 1
 1 1 1 1 1 1 1 1 1 1 1 1 1 1 1 1 1 1 1 1 1 1 1 1 1 1 1 1 1 1 1 1 1 1 1 1 1
 1 1 1 1 1 1 1 1 1 1 1 1 1 1 1 1 1 1 1 1 1 1 1 1 1 1 1 1 1 1 1 1 1 1 1 1 1
 1 1 1 1 1 1 1 1 1 1 1 1 1 1 1 1 1 1 1 1 1 1 1 1 1 1 1 1 1 1 1 1 1 1 1 1 1
 1 1 1 1 1 1 1 1 1 1 1 1 1 1 1 1 1 1 1 1 1 1 1 1 1 1 1 1 1 1 1 1 1 1 1 1 1
 1 1 1 1 1 1 1 1 1 1 1 1 1 1 1 1 1 1 1 1 1 1 1 1 1 1 1 1 1 1 1 1 1 1 1 1 1
 1 1 1 1 1 1 1 1 1 1 1 1 1 1 1 1 1 1 1 1 1 1 1 1 1 1 1 1 1 1 1 1 1 1 1 1 1
 1 1 1 1 1 1 1 1 1 1 1 1 1 1 1 1 1 1 1 1 1 1 1 1 1 1 1 1 1 1 1 1 1 1 1 1 1
 1 1 1 1 1 1 1 1 1 1 1 1 1 1 1 1 1 1 1 1 1 1 1 1 1 1 1 1 1 1 1 1 1 1 1 1 1
 1 1 1 1 1 1 1 1 1 1 1 1 1 1 1 1 1 1 1 1 1 1 1 1 1 1 1 1 1 1 1 1 1 1 1 1 1
 1 1 1 1 1 1 1 1 1 1 1 1 1 1 1 1 1 1 1 1 1 1 1 1 1 1 1 1 1 1 1 1 1 1 1 1 1
 1 1 1 1 1 1 1 1 1 1 1 1 1 1 1 1 1 1 1 1 1 1 1 1 1 1 1 1 1 1 1 1 1 1 1 1 1
 1 1 1 1 1 1 1 1 1 1 1 1 1 1 1 1 1 1 1 1 1 1 1 1 1 1 1 1 1 1 1 1 1 1 1 1 1
 1 1 1 1 1 1 1 1 1 1 1 1 1 1 1 1 1 1 1 1 1 1 1 1 1 1 1 1 1 1 1 1 1 1 1 1 1
 1 1 1 1 1 1 1 1 1 1 1 1 1 1 1 1 1 1 1 1 1 1 1 1 1 1 1 1 1 1 1 1 1 1 1 1 1
 1 1 1 1 1 1 1 1 1 1 1 1 1 1 1 1 1 1 1 1 1 1 1 1 1 1 1 1 1 1 1 1 1 1 1 1 1
 1 1 1 1 1 1 1 1 1 1 1 1 1 1 1 1 1 1 1 1 1 1 1 1 1 1 1 1 1 1 1 1 1 1 1 1 1
 1 1 1 1 1 1 1 1 1 1 1 1 1 1 1 1 1 1 1 1 1 1 1]
2025-07-29 11:19:44,454 - pyswarms.discrete.binary - INFO - Optimize for 100 iters with {'c1': 0.5, 'c2': 0.5, 'w': 0.9, 'k': 5, 'p': 1}
2025-07-29 13:50:21,041 - pyswarms.discrete.binary - INFO - Optimization finished | best cost: 0.09115815200252286, best pos: [1 0 1 0 0 1 0 1 0 0 0 1 1 0 1 0 0 1 1 1 1 0 0 0 1 1 0 1 0 0 0 1 1 1 0 1 0
 0 0 1 1 1 0 1 0 1 1 1 0 0 0 0 1 0 1 0 0 0 1 0 0 1 1 1 1 1 1 1 1 1 1 0 0 1
 1 0 1 1 1 0 1 0 1 0 1 0 0 1 0 0 0 0 1 0 1 0 0 1 1 0 0 1 1 0 0 1 0 1 0 1 0
 1 1 1 0 0 1 0 0 1 0 1 0 0 1 1 0 1 0 0 1 1 1 1 1 0 1 0 0 0 0 0 1 1 0 1 1 1
 0 1 1 1 1 0 0 1 0 1 0 1 1 0 0 0 1 1 1 1 1 0 0 1 1 1 0 1 1 0 0 0 0 1 0 0 0
 0 1 0 0 0 1 0 0 1 1 0 1 1 0 0 0 1 0 1 1 0 0 1 1 0 0 0 0 1 1 0 1 1 1 0 1 1
 0 1 0 0 1 1 1 0 0 1 0 0 1 0 1 0 0 1 0 1 1 1 1 0 0 0 0 0 1 0 1 0 1 0 1 1 0
 0 0 1 0 0 1 1 0 1 0 0 0 0 1 1 1 0 0 1 1 0 1 1 1 0 0 1 0 0 1 0 0 1 1 0 0 1
 0 1 1 0 0 1 0 1 1 0 0 1 0 1 0 0 0 0 1 0 0 1 0 1 0 0 0 0 1 1 1 0 1 0 0 0 1
 0 0 0 1 0 1 0 1 0 1 1 0 1 0 1 0 0 0 1 1 1 1 1 1 0 1 0 0 0 0 1 0 0 1 0 1 1
 0 1 0 0 0 1 0 1 0 0 0 1 0 1 0 1 1 1 1 0 1 0 1 0 1 0 1 0 1 0 1 1 1 0 0 1 0
 1 1 0 1 0 1 1 0 0 1 1 1 1 1 0 0 0 1 1 0 1 1 0 0 1 1 1 0 1 0 0 0 1 0 0 1 1
 0 1 1 1 1 1 0 0 0 1 0 1 0 0 1 0 1 1 0 1 0 1 1 1 1 1 1 1 0 1 0 1 0 1 1 0 0
 0 1 1 0 0 0 1 1 1 1 1 1 1 0 1 0 0 1 1 0 0 1 1 1 0 1 0 0 1 0 0 1 0 1 1 0 1
 0 0 1 1 0 0 0 0 1 0 0 0 1 0 1 1 0 1 0 1 0 0 0 0 1 0 1 0 1 0 1 0 1 0 1 1 0
 1 1 1 1 0 0 0 0 0 1 1 1 0 0 0 1 1 1 1 1 0 1 1 0 1 0 0 0 1 1 0 1 0 1 0 1 1
 0 0 1 0 1 1 1 0 0 0 0 1 1 1 0 1 0 0 0 1 1 0 1 1 1 0 1 1 0 0 1 0 1 1 1 1 0
 0 0 0 1 0 1 1 1 1 1 0 1 0 0 0 1 1 0 0 0 0 0 1 1 0 0 1 0 1 0 1 1 0 1 0 1 1
 1 0 0 0 0 1 1 1 1 0 1 0 0 0 0 0 0 0 0 0 1 0 0 1 1 1 1 0 0 1 0 1 1 1 1 0 1
 1 0 1 0 0 1 1 0 1 0 0 1 0 1 0 0 1 1 1 1 1 1 0 1 0 1 1 1 1 0 1 0 0 1 1 0 0
 1 0 0 0 0 1 1 0 0 0 0 0 1 0 1 0 0 0 1 1 0 1 0 0 0 0 0 0 0 0 0 1 0 1 1 1 1
 0 0 1 1 0 1 1 0 0 0 1 1 0 1 1 0 1 0 1 1 1 0 1 0 1 0 1 1 1 0 1 0 0 0 0 0 0
 1 0 0 1 1 0 1 1 1 1 1 1 0 0 0 1 0 0 1 0 1 0 1 1 0 1 1 0 1 1 0 1 0 0 0 1 0
 0 0 1 0 1 1 1 1 1 1 1 0 0 1 1 0 0 1 0 0 0 1 1 1 1 0 0 0 0 1 0 0 0 0 0 1 0
 0 1 0 0 0 0 0 1 1 1 0 1 0 1 1 1 0 0 0 0 1 1 1 1 1 0 0 1 0 1 0 0 0 0 0 0 0
 1 0 0 0 1 0 0 1 1 0 1 0 0 1 1 1 1 0 0 1 1 0 1 0 1 1 1 1 0 0 0 1 0 1 0 0 1
 1 1 0 0 1 1 0 1 0 1]
2025-07-29 14:11:58,226 - pyswarms.discrete.binary - INFO - Optimize for 100 iters with {'c1': 0.5, 'c2': 0.5, 'w': 0.9, 'k': 5, 'p': 1}
2025-07-29 19:40:24,774 - pyswarms.discrete.binary - INFO - Optimization finished | best cost: 0.09328681803847372, best pos: [1 1 1 ... 1 1 1]
2025-07-29 21:20:45,505 - pyswarms.discrete.binary - INFO - Optimize for 100 iters with {'c1': 0.5, 'c2': 0.5, 'w': 0.9, 'k': 5, 'p': 1}
2025-07-29 21:28:49,758 - pyswarms.discrete.binary - INFO - Optimization finished | best cost: 0.29712923619027876, best pos: [0 1 1 1 1 0 0 0 1 1 0 1 1 1 0 0 1 0 0 1 0 1 1 1 0 1 1 0 0 0 1 1 1 1 0 0 1
 1 0 1 1 1 0 1 1 1 1 0 1 0 1 1 0 1 0 0 0 1 1 1 0 1 1 1 0 0 0 1 1 0 0 0 1 0
 1 0 1 1 0 1 1 0 1 1 0 1 1 0 1 0 1 1 1 0 0 1 0 1 1 0 0 0 0 0 0 1 1 1 0 0 1
 0 0 1 1 0 1 1 0 1 1 0 0 1 1 0 0 0 0 1 1 1 0 0 1 1 0 1 0 0 0 0 0 0 1 1 0 1
 1 0 0 0 0 1 1 0 1 0 1 1 0 0 1 0 0 1 0 1 0 0 1 0 0 1 1 1 1 1 1 0 0 0 0 1 0
 0 1 0 1 1 0 0 0 1 0 1 1 1 1 0 1 0 1 1 1 0 0 1 1 0 0 0 1 0 1 1 0 0 0 1 1 0
 0 0 0 0 0 0 1 1 0 0 1 1 1 1 1 1 1 0 1 0 0 0 1 0 1 0 0 0 0 1 0 0 0 1 1 1 1
 1 0 1 1 0 1 0 0 0 0 1 1 1 1 0 1 1 1 0 0 0 0 0 1 0 0 1 1 1 0 0 0 1 1 0 0 1
 0 0 0 0 0 1 0 0 1 0 0 1 1 0 0 1 1 1 0 1 0 1 0 1 1 1 0 0 1 0 0 0 0 0 1]
2025-07-29 21:30:04,628 - pyswarms.discrete.binary - INFO - Optimize for 100 iters with {'c1': 0.5, 'c2': 0.5, 'w': 0.9, 'k': 5, 'p': 1}
2025-07-29 21:39:10,033 - pyswarms.discrete.binary - INFO - Optimize for 100 iters with {'c1': 0.5, 'c2': 0.5, 'w': 0.9, 'k': 5, 'p': 1}
2025-07-29 23:47:57,117 - pyswarms.discrete.binary - INFO - Optimization finished | best cost: 0.09074424471775466, best pos: [0 1 1 1 0 0 1 0 0 1 0 1 0 0 1 0 0 1 1 0 1 0 1 1 1 0 0 1 1 1 1 0 1 0 0 1 1
 0 1 1 0 1 1 0 0 1 1 1 1 1 1 0 1 0 0 0 0 0 1 0 1 1 0 1 1 0 0 0 1 1 0 1 0 0
 1 0 0 0 1 1 0 1 1 1 1 0 1 0 0 1 1 1 0 1 1 0 1 0 1 0 1 1 0 0 1 1 0 1 0 1 1
 0 0 0 1 1 1 1 1 0 0 0 1 0 1 1 1 0 0 1 1 1 1 1 0 0 0 1 0 0 0 0 0 0 1 1 0 0
 0 1 0 1 1 1 0 0 0 1 1 0 1 0 0 0 1 1 0 1 1 1 0 0 1 1 1 1 1 1 0 1 1 1 0 1 1
 1 1 0 0 1 0 0 0 0 0 0 0 1 0 0 0 1 1 1 0 1 0 1 1 0 1 0 1 0 0 0 0 0 1 0 0 1
 1 0 0 1 1 1 0 1 0 1 0 0 0 0 1 0 1 0 0 0 1 0 1 0 0 0 1 0 1 1 0 1 0 1 1 0 1
 0 1 1 0 0 1 1 0 1 1 1 0 1 1 1 1 1 1 1 1 0 0 1 0 1 1 1 1 1 0 1 0 0 0 0 0 1
 1 0 0 1 0 1 1 0 1 1 0 1 0 0 0 1 1 1 0 1 0 1 0 0 0 1 0 0 0 0 0 0 0 0 0 1 1
 1 1 0 0 0 1 1 0 1 0 0 1 0 0 1 0 1 1 1 1 0 0 1 1 1 0 0 1 1 1 1 0 1 1 0 0 0
 0 1 0 0 0 1 1 1 1 1 1 0 1 1 1 0 1 1 1 0 1 1 0 0 0 0 0 0 0 0 0 0 0 1 1 0 0
 1 0 0 0 1 0 0 0 1 0 0 0 1 1 1 0 1 1 0 1 1 0 1 0 0 1 1 0 1 0 1 1 0 0 1 0 1
 0 0 0 1 1 0 1 1 0 1 0 0 1 0 0 1 0 0 0 0 1 1 0 1 1 0 0 0 0 0 1 0 0 1 1 1 1
 1 1 1 0 0 0 0 0 0 1 0 1 0 0 0 0 0 0 0 0 0 1 1 0 0 1 1 1 1 0 0 1 0 0 0 0 0
 1 0 1 1 1 0 1 0 1 0 1 0 0 1 0 0 0 1 0 0 1 1 1 1 1 0 0 0 0 0 1 1 0 1 0 1 0
 1 1 1 1 1 1 0 0 1 1 0 1 0 0 1 0 0 0 1 0 1 0 1 1 1 1 1 0 0 1 0 0 0 0 0 1 0
 1 0 0 0 0 0 0 1 0 1 1 1 1 0 0 0 1 1 0 0 1 0 0 1 0 0 1 1 1 1 0 1 1 1 1 0 1
 1 1 0 1 0 0 1 1 0 0 0 1 0 1 0 0 0 0 1 0 1 0 0 0 0 1 1 1 0 1 1 1 1 1 1 0 0
 1 1 1 0 1 1 1 0 1 1 1 1 0 0 1 0 1 0 1 1 1 1 0 0 0 0 0 1 1 0 1 0 0 0 0 0 1
 0 1 0 0 0 0 0 0 0 1 0 1 1 0 1 1 0 1 1 0 1 1 0 1 1 1 0 0 0 1 0 1 0 0 0 1 0
 1 1 1 1 0 1 1 1 1 0 0 0 0 1 1 0 1 1 1 1 1 0 1 0 0 0 1 0 1 0 0 1 1 1 0 1 0
 1 0 0 1 0 1 0 1 0 0 1 1 0 0 0 1 1 1 0 1 0 1 1 0 0 0 0 0 0 0 0 1 1 1 1 0 0
 1 1 1 1 1 0 1 1 0 1 1 0 1 0 1 0 0 1 1 1 0 0 1 1 0 1 0 0 1 1 0 0 0 0 0 1 1
 0 1 0 1 1 0 1 0 0 0 0 0 1 0 0 1 1 1 0 0 1 1 0 1 0 1 0 1 0 1 0 0 0 0 0 0 0
 0 1 1 1 1 0 0 0 1 0 1 0 0 1 1 1 0 1 0 1 0 0 1 1 0 0 0 1 0 0 0 0 1 0 1 1 1
 0 0 0 1 0 0 1 1 0 0 0 1 1 0 1 0 1 1 1 0 1 0 0 0 1 0 1 1 0 0 1 1 1 0 0 1 1
 1 1 0 1 1 1 0 1 1 0]
